// Jest Snapshot v1, https://goo.gl/fbAQLP

exports[`test gifItem should match snapshot 1`] = `
<div>
  <div
    class="card"
  >
    <img
      alt="Valorant"
      src="https://valorant/valorant.jpg"
    />
    <p>
      Valorant
    </p>
  </div>
</div>
`;
